
> build
> vite build

[36mvite v8.0.10 [32mbuilding client environment for production...[36m[39m
[plugin @laravel/vite-plugin-wayfinder] Types generated for actions, routes, form variants
[2K
node.exe : [33m[plugin builtin:vite-alias] rewrote @/components/dashboards/AdminDashboardFood to 
/resources/js/components/dashboards/AdminDashboardFood but was not an absolute path and was not handled by other 
plugins. This will lead to duplicated modules for the same path. To avoid duplicating modules, you should resolve to 
an absolute path.[39m
Au caractère Ligne:1 : 1
+ & "C:\Program Files\nodejs/node.exe" "C:\Program Files\nodejs/node_mo ...
+ ~~~~~~~~~~~~~~~~~~~~~~~~~~~~~~~~~~~~~~~~~~~~~~~~~~~~~~~~~~~~~~~~~~~~~
    + CategoryInfo          : NotSpecified: ([33m[plugin bu...lute path.[39m:String) [], RemoteException
    + FullyQualifiedErrorId : NativeCommandError
 
transforming...✓ 3783 modules transformed.
[31m✗[39m Build failed in 27.21s
[31merror during build:
[31mBuild failed with 1 error:

[31m[UNLOADABLE_DEPENDENCY] Error:[0m Could not load /resources/js/components/dashboards/AdminDashboardFood
   [38;5;246m╭[0m[38;5;246m─[0m[38;5;246m[[0m resources/js/pages/dashboard.tsx:3:32 [38;5;246m][0m
   [38;5;246m│[0m
 [38;5;246m3 │[0m 
[38;5;249mi[0m[38;5;249mm[0m[38;5;249mp[0m[38;5;249mo[0m[38;5;249mr[0m[38;5;249mt[0m[38;5;249m [0m[38;5;
249mA[0m[38;5;249md[0m[38;5;249mm[0m[38;5;249mi[0m[38;5;249mn[0m[38;5;249mD[0m[38;5;249ma[0m[38;5;249ms[
0m[38;5;249mh[0m[38;5;249mb[0m[38;5;249mo[0m[38;5;249ma[0m[38;5;249mr[0m[38;5;249md[0m[38;5;249mF[0m[38;
5;249mo[0m[38;5;249mo[0m[38;5;249md[0m[38;5;249m 
[0m[38;5;249mf[0m[38;5;249mr[0m[38;5;249mo[0m[38;5;249mm[0m[38;5;249m 
[0m"@/components/dashboards/AdminDashboardFood"[38;5;249m;[0m
 [38;5;240m  │[0m                                ──────────────────────┬─────────────────────  
 [38;5;240m  │[0m                                                      ╰─────────────────────── Le chemin d’accès 
spécifié est introuvable. (os error 3)
[38;5;246m───╯[0m
[31m
    at aggregateBindingErrorsIntoJsError 
(file:///C:/Users/Xln0/Documents/Projects/nexora/node_modules/rolldown/dist/shared/error-DL-e8-oE.mjs:48:18)
    at unwrapBindingResult 
(file:///C:/Users/Xln0/Documents/Projects/nexora/node_modules/rolldown/dist/shared/error-DL-e8-oE.mjs:18:128)
    at #build 
(file:///C:/Users/Xln0/Documents/Projects/nexora/node_modules/rolldown/dist/shared/rolldown-build-DSxL8qiP.mjs:3317:34)
    at async buildEnvironment 
(file:///C:/Users/Xln0/Documents/Projects/nexora/node_modules/vite/dist/node/chunks/node.js:33018:64)
    at async Object.build 
(file:///C:/Users/Xln0/Documents/Projects/nexora/node_modules/vite/dist/node/chunks/node.js:33440:19)
    at async Object.buildApp 
(file:///C:/Users/Xln0/Documents/Projects/nexora/node_modules/vite/dist/node/chunks/node.js:33437:153)
    at async CAC.<anonymous> 
(file:///C:/Users/Xln0/Documents/Projects/nexora/node_modules/vite/dist/node/cli.js:778:3) {
  errors: [Getter/Setter]
}[39m
